[dotenv@17.2.3] injecting env (9) from .env -- tip: ⚙️  write to custom object with { processEnv: myObject }
✅ Logged in as Minecraft Server Bot#5275
📁 Minecraft Dir: C:\MinecraftServer
📦 Server JAR: server.jar
☕ Java Path: java
🌐 RCON: 127.0.0.1:25575
(node:5524) DeprecationWarning: The ready event has been renamed to clientReady to distinguish it from the gateway READY event and will only emit under that name in v15. Please use clientReady instead.
(Use `node --trace-deprecation ...` to show where the warning was created)
^C^C^C[dotenv@17.2.3] injecting env (9) from .env -- tip: 🔐 prevent committing .env to code: https://dotenvx.com/precommit
✅ Logged in as Minecraft Server Bot#5275
📁 Minecraft Dir: C:\MinecraftServer
📦 Server JAR: server.jar
☕ Java Path: java
🌐 RCON: 127.0.0.1:25575
(node:19132) DeprecationWarning: The ready event has been renamed to clientReady to distinguish it from the gateway READY event and will only emit under that name in v15. Please use clientReady instead.
(Use `node --trace-deprecation ...` to show where the warning was created)
[dotenv@17.2.3] injecting env (9) from .env -- tip: ⚙️  enable debug logging with { debug: true }
✅ Logged in as Minecraft Server Bot#5275
📁 Minecraft Dir: C:\MinecraftServer
📦 Server JAR: server.jar
☕ Java Path: java
🌐 RCON: 127.0.0.1:25575
(node:17184) DeprecationWarning: The ready event has been renamed to clientReady to distinguish it from the gateway READY event and will only emit under that name in v15. Please use clientReady instead.
(Use `node --trace-deprecation ...` to show where the warning was created)
[BOT] Starting Minecraft server...
[BOT] JAR Path: C:\MinecraftServer\server.jar
[BOT] Working Dir: C:\MinecraftServer
[BOT] Java: java
[SERVER ERROR] Unrecognized option: -SurvivorRatio=32
Error: Could not create the Java Virtual Machine.
Error: A fatal exception has occurred. Program will exit.
[SERVER CLOSED] Exit code: 1
[BOT] Starting Minecraft server...
[BOT] JAR Path: C:\MinecraftServer\server.jar
[BOT] Working Dir: C:\MinecraftServer
[BOT] Java: java
[SERVER ERROR] Unrecognized option: -SurvivorRatio=32
Error: Could not create the Java Virtual Machine.
Error: A fatal exception has occurred. Program will exit.
[SERVER CLOSED] Exit code: 1
[BOT] Starting Minecraft server...
[BOT] JAR Path: C:\MinecraftServer\server.jar
[BOT] Working Dir: C:\MinecraftServer
[BOT] Java: java
[SERVER ERROR] Unrecognized option: -SurvivorRatio=32
Error: Could not create the Java Virtual Machine.
Error: A fatal exception has occurred. Program will exit.
[SERVER CLOSED] Exit code: 1
[BOT] Stopping server via RCON...
[RCON] Connection error: read ECONNRESET
[RCON] Connection closed or dropped. Will reconnect automatically.
[dotenv@17.2.3] injecting env (9) from .env -- tip: ⚙️  load multiple .env files with { path: ['.env.local', '.env'] }
✅ Logged in as Minecraft Server Bot#5275
📁 Minecraft Dir: C:\MinecraftServer
📦 Server JAR: server.jar
☕ Java Path: java
🌐 RCON: 127.0.0.1:25575
(node:5288) DeprecationWarning: The ready event has been renamed to clientReady to distinguish it from the gateway READY event and will only emit under that name in v15. Please use clientReady instead.
(Use `node --trace-deprecation ...` to show where the warning was created)
[dotenv@17.2.3] injecting env (9) from .env -- tip: 🔄 add secrets lifecycle management: https://dotenvx.com/ops
✅ Logged in as Minecraft Server Bot#5275
📁 Minecraft Dir: C:\MinecraftServer
📦 Server JAR: server.jar
☕ Java Path: java
🌐 RCON: 127.0.0.1:25575
(node:31952) DeprecationWarning: The ready event has been renamed to clientReady to distinguish it from the gateway READY event and will only emit under that name in v15. Please use clientReady instead.
(Use `node --trace-deprecation ...` to show where the warning was created)
[dotenv@17.2.3] injecting env (9) from .env -- tip: ⚙️  write to custom object with { processEnv: myObject }
✅ Logged in as Minecraft Server Bot#5275
📁 Minecraft Dir: C:\MinecraftServer
📦 Server JAR: server.jar
☕ Java Path: java
🌐 RCON: 127.0.0.1:25575
(node:25504) DeprecationWarning: The ready event has been renamed to clientReady to distinguish it from the gateway READY event and will only emit under that name in v15. Please use clientReady instead.
(Use `node --trace-deprecation ...` to show where the warning was created)
[BOT] Stopping server via RCON...
[RCON] Connection error: read ECONNRESET
[RCON] Connection closed or dropped. Will reconnect automatically.
[dotenv@17.2.3] injecting env (9) from .env -- tip: 🔑 add access controls to secrets: https://dotenvx.com/ops
✅ Logged in as Minecraft Server Bot#5275
📁 Minecraft Dir: C:\MinecraftServer
📦 Server JAR: server.jar
☕ Java Path: java
🌐 RCON: 127.0.0.1:25575
(node:1904) DeprecationWarning: The ready event has been renamed to clientReady to distinguish it from the gateway READY event and will only emit under that name in v15. Please use clientReady instead.
(Use `node --trace-deprecation ...` to show where the warning was created)
[dotenv@17.2.3] injecting env (9) from .env -- tip: 🔑 add access controls to secrets: https://dotenvx.com/ops
✅ Logged in as Minecraft Server Bot#5275
📁 Minecraft Dir: C:\MinecraftServer
📦 Server JAR: server.jar
☕ Java Path: java
🌐 RCON: 127.0.0.1:25575
(node:29520) DeprecationWarning: The ready event has been renamed to clientReady to distinguish it from the gateway READY event and will only emit under that name in v15. Please use clientReady instead.
(Use `node --trace-deprecation ...` to show where the warning was created)
[BOT] Stopping server via RCON...
[RCON] Connection error: read ECONNRESET
[RCON] Connection closed or dropped. Will reconnect automatically.
[BOT] Starting Minecraft server...
[BOT] JAR Path: C:\MinecraftServer\server.jar
[BOT] Working Dir: C:\MinecraftServer
[BOT] Java: java
[SERVER OUTPUT] Starting org.bukkit.craftbukkit.Main
[SERVER ERROR] 2026-06-01T14:49:38.904427900Z ServerMain WARN Advanced terminal features are not available in this environment
[SERVER OUTPUT] [20:19:39 INFO]: [bootstrap] Running Java 21 (OpenJDK 64-Bit Server VM 21.0.11+10-LTS; Eclipse Adoptium Temurin-21.0.11+10) on Windows 11 10.0 (amd64)
[SERVER OUTPUT] [20:19:39 INFO]: [bootstrap] Loading Paper 1.21.11-98-main@8a6654c (2026-01-19T10:57:44Z) for Minecraft 1.21.11
[SERVER OUTPUT] [20:19:39 INFO]: [PluginInitializerManager] Initializing plugins...
[SERVER OUTPUT] [20:19:40 INFO]: [PluginInitializerManager] Initialized 7 plugins
[SERVER OUTPUT] [20:19:40 INFO]: [PluginInitializerManager] Bukkit plugins (7):
 - Geyser-Spigot (2.9.2-SNAPSHOT), Multiverse-Core (5.5.2), Multiverse-Portals (5.2.0), ViaBackwards (5.7.1), ViaRewind (4.0.14), ViaVersion (5.7.1), floodgate (2.2.5-SNAPSHOT (b126-096c605))
[SERVER OUTPUT] [20:19:44 INFO]: Environment: Environment[sessionHost=https://sessionserver.mojang.com, servicesHost=https://api.minecraftservices.com, profilesHost=https://api.mojang.com, name=PROD]
[SERVER OUTPUT] [20:19:47 INFO]: Loaded 1476 recipes
[SERVER OUTPUT] [20:19:47 INFO]: Loaded 1585 advancements
[SERVER OUTPUT] [20:19:47 INFO]: [ca.spottedleaf.dataconverter.minecraft.datatypes.MCTypeRegistry] Initialising converters for DataConverter...
[SERVER OUTPUT] [20:19:47 INFO]: [ca.spottedleaf.dataconverter.minecraft.datatypes.MCTypeRegistry] Finished initialising converters for DataConverter in 363.6ms
[SERVER OUTPUT] [20:19:47 INFO]: Starting minecraft server version 1.21.11
[SERVER OUTPUT] [20:19:47 INFO]: Loading properties
[SERVER OUTPUT] [20:19:47 INFO]: This server is running Paper version 1.21.11-98-main@8a6654c (2026-01-19T10:57:44Z) (Implementing API version 1.21.11-R0.1-SNAPSHOT)
[SERVER OUTPUT] [20:19:47 INFO]: [spark] This server bundles the spark profiler. For more information please visit https://docs.papermc.io/paper/profiling
[SERVER OUTPUT] [20:19:47 INFO]: Server Ping Player Sample Count: 12
[SERVER OUTPUT] [20:19:47 INFO]: Using 4 threads for Netty based IO
[SERVER OUTPUT] [20:19:49 INFO]: [MoonriseCommon] Paper is using 4 worker threads, 1 I/O threads
[SERVER OUTPUT] [20:19:50 INFO]: Default game type: SURVIVAL
[SERVER OUTPUT] [20:19:50 INFO]: Generating keypair
[SERVER OUTPUT] [20:19:50 INFO]: Starting Minecraft server on *:25565
[SERVER OUTPUT] [20:19:50 INFO]: Paper: Using Java compression from Velocity.
[20:19:50 INFO]: Paper: Using Java cipher from Velocity.
[SERVER OUTPUT] [20:19:52 INFO]: [ViaVersion] Loading server plugin ViaVersion v5.7.1
[SERVER OUTPUT] [20:19:52 INFO]: [ViaVersion] ViaVersion 5.7.1 is now loaded. Registering protocol transformers and injecting...
[SERVER OUTPUT] [20:19:54 INFO]: [ViaVersion] Loading block connection mappings ...
[SERVER OUTPUT] [20:19:55 INFO]: [ViaVersion] Using FastUtil Long2ObjectOpenHashMap for block connections
[SERVER OUTPUT] [20:19:56 INFO]: [ViaBackwards] Loading translations...
[SERVER OUTPUT] [20:19:56 INFO]: [ViaBackwards] Registering protocols...
[SERVER OUTPUT] [20:19:58 INFO]: [ViaRewind] Registering protocols...
[SERVER OUTPUT] [20:19:58 INFO]: [ViaBackwards] Loading server plugin ViaBackwards v5.7.1
[SERVER OUTPUT] [20:19:58 INFO]: [CoreLogging] Loading server plugin Multiverse-Core v5.5.2
[SERVER OUTPUT] [20:19:58 INFO]: [floodgate] Loading server plugin floodgate v2.2.5-SNAPSHOT (b126-096c605)
[SERVER OUTPUT] [20:20:00 WARN]: [floodgate] en_IN is not a supported Floodgate language.
[SERVER OUTPUT] [20:20:00 INFO]: [floodgate] Took 1,866ms to boot Floodgate
[SERVER OUTPUT] [20:20:00 INFO]: [ViaRewind] Loading server plugin ViaRewind v4.0.14
[SERVER OUTPUT] [20:20:00 INFO]: [Multiverse-Portals] Loading server plugin Multiverse-Portals v5.2.0
[SERVER OUTPUT] [20:20:00 INFO]: [Geyser-Spigot] Loading server plugin Geyser-Spigot v2.9.2-SNAPSHOT
[SERVER OUTPUT] [20:20:01 INFO]: [Geyser-Spigot] Loading extensions...
[SERVER OUTPUT] [20:20:01 INFO]: [Geyser-Spigot] Loaded 0 extension(s)
[SERVER OUTPUT] [20:20:01 INFO]: Server permissions file permissions.yml is empty, ignoring it
[SERVER OUTPUT] [20:20:01 INFO]: [ViaRewind] Enabling ViaRewind v4.0.14
[SERVER OUTPUT] [20:20:01 WARN]: **** SERVER IS RUNNING IN OFFLINE/INSECURE MODE!
[SERVER OUTPUT] [20:20:01 WARN]: The server will make no attempt to authenticate usernames. Beware.
[20:20:01 WARN]: While this makes the game possible to play without internet access, it also opens up the ability for hackers to connect with any username they choose.
[20:20:01 WARN]: To change this, set "online-mode" to "true" in the server.properties file.
[20:20:01 INFO]: Preparing level "SHADOW SMP"
[SERVER OUTPUT] [20:20:03 INFO]: Loading 0 persistent chunks for world 'minecraft:overworld'...
[SERVER OUTPUT] [20:20:03 INFO]: Preparing spawn area: 100%
[SERVER OUTPUT] [20:20:03 INFO]: Prepared spawn area in 14 ms
[SERVER OUTPUT] [20:20:03 INFO]: Loading 0 persistent chunks for world 'minecraft:the_nether'...
[SERVER OUTPUT] [20:20:03 INFO]: Prepared spawn area in 9 ms
[SERVER OUTPUT] [20:20:03 INFO]: Loading 0 persistent chunks for world 'minecraft:the_end'...
[SERVER OUTPUT] [20:20:03 INFO]: Prepared spawn area in 14 ms
[SERVER OUTPUT] [20:20:03 INFO]: Done preparing level "SHADOW SMP" (2.468s)
[SERVER OUTPUT] [20:20:03 INFO]: [ViaVersion] Enabling ViaVersion v5.7.1
[SERVER OUTPUT] [20:20:03 INFO]: [ViaVersion] ViaVersion detected server version: 1.21.11 (774)
[SERVER OUTPUT] [20:20:03 INFO]: [ViaBackwards] Enabling ViaBackwards v5.7.1
[SERVER OUTPUT] [20:20:04 INFO]: [Multiverse-Core] Enabling Multiverse-Core v5.5.2
[SERVER OUTPUT] [20:20:06 INFO]: Loading 0 persistent chunks for world 'minecraft:lobby'...
[SERVER OUTPUT] [20:20:06 INFO]: Prepared spawn area in 15 ms
[SERVER OUTPUT] [20:20:07 INFO]: Loading 0 persistent chunks for world 'minecraft:pvp'...
[SERVER OUTPUT] [20:20:07 INFO]: Prepared spawn area in 14 ms
[SERVER OUTPUT] [20:20:08 INFO]: [Multiverse-Core] API service loaded!
[SERVER OUTPUT] [20:20:08 INFO]: [Multiverse-Core] [32mVersion 5.5.2 (API v5.5) Enabled - By dumptruckman, Rigby, fernferret, lithium3141, main--, benwoo1110 and Zax71[39m
[SERVER OUTPUT] [20:20:08 INFO]: [Multiverse-Core] [32mLoving Multiverse-Core? Please consider supporting the project with a small donation: https://github.com/sponsors/Multiverse[39m
[SERVER OUTPUT] [20:20:08 INFO]: [floodgate] Enabling floodgate v2.2.5-SNAPSHOT (b126-096c605)
[SERVER OUTPUT] [20:20:09 INFO]: [Multiverse-Portals] Enabling Multiverse-Portals v5.2.0
[SERVER OUTPUT] [20:20:10 INFO]: [Multiverse-Portals] 1 - Portals(s) loaded
[SERVER OUTPUT] [20:20:10 INFO]: [Multiverse-Portals] Version 5.2.0 (API v5.2) Enabled - By Rigby, fernferret and benwoo1110
[SERVER OUTPUT] [20:20:10 INFO]: [Geyser-Spigot] Enabling Geyser-Spigot v2.9.2-SNAPSHOT
[SERVER OUTPUT] [20:20:13 INFO]: [spark] Starting background profiler...
[SERVER OUTPUT] [20:20:13 INFO]: [spark] The async-profiler engine is not supported for your os/arch (windows11/amd64), so the built-in Java engine will be used instead.
[SERVER OUTPUT] [20:20:13 INFO]: [Geyser-Spigot] ******************************************
[SERVER OUTPUT] [20:20:13 INFO]: [Geyser-Spigot]
[SERVER OUTPUT] [20:20:13 INFO]: [Geyser-Spigot] Loading Geyser version 2.9.2-b1036 (git-master-4c9ca8a)
[SERVER OUTPUT] [20:20:13 INFO]: [Geyser-Spigot] 
[20:20:13 INFO]: [Geyser-Spigot] ******************************************
[SERVER OUTPUT] [20:20:24 INFO]: [Geyser-Spigot] Started Geyser on UDP port 19132
[SERVER OUTPUT] [20:20:24 INFO]: [Geyser-Spigot] Done (10.856s)! Run /geyser help for help!
[SERVER OUTPUT] [20:20:25 INFO]: [Geyser-Spigot] There's a new Geyser update available to support Bedrock version 26.23. Download it here: https://geysermc.org/download
[SERVER OUTPUT] [20:20:25 INFO]: Starting remote control listener
[SERVER OUTPUT] [20:20:25 INFO]: Thread RCON Listener started
[20:20:25 INFO]: RCON running on 0.0.0.0:25575
[SERVER OUTPUT] [20:20:25 INFO]: Running delayed init tasks
[SERVER OUTPUT] [20:20:25 INFO]: Done (46.883s)! For help, type "help"
[SERVER OUTPUT] [20:20:25 INFO]: [ViaVersion] Finished mapping loading, shutting down loader executor.
[SERVER OUTPUT] [20:20:25 WARN]: [ViaVersion] There is a newer plugin version available: 5.9.1, you're on: 5.7.1
[SERVER OUTPUT] [20:20:25 WARN]: *** You are running an outdated version of Minecraft, which is 2 release(s) and 34 build(s) behind!
[SERVER OUTPUT] [20:20:25 WARN]: *** Please update to the latest stable version on https://papermc.io/downloads/paper ***
[SERVER OUTPUT] [20:21:22 INFO]: UUID of player PIRO_SHUB is 3a5bca33-9f26-35a4-92f3-c3d295897718
[SERVER OUTPUT] [20:21:27 INFO]: PIRO_SHUB joined the game
[SERVER OUTPUT] [20:21:28 INFO]: PIRO_SHUB[/127.0.0.1:64292] logged in with entity id 51 at ([SHADOW SMP]38.11709929467378, 116.9375, -94.2499251398295)
[SERVER OUTPUT] [20:26:37 INFO]: [PIRO_SHUB: Set own game mode to Creative Mode]
[SERVER OUTPUT] [20:41:52 INFO]: PIRO_SHUB has completed the challenge [Serious Dedication]
[SERVER OUTPUT] [20:46:31 INFO]: [PIRO_SHUB: Set own game mode to Survival Mode]
[SERVER OUTPUT] [20:47:14 INFO]: [PIRO_SHUB: Set own game mode to Creative Mode]
[SERVER OUTPUT] [21:00:07 INFO]: [PIRO_SHUB: Set own game mode to Survival Mode]
[SERVER OUTPUT] [21:00:11 INFO]: [PIRO_SHUB: Set own game mode to Creative Mode]
[SERVER OUTPUT] [21:01:57 INFO]: [PIRO_SHUB: Set own game mode to Creative Mode]
[SERVER OUTPUT] [21:04:13 INFO]: [PIRO_SHUB: Set own game mode to Creative Mode]
[SERVER OUTPUT] [21:06:57 INFO]: [PIRO_SHUB: Set own game mode to Survival Mode]
[SERVER OUTPUT] [21:07:30 INFO]: [PIRO_SHUB: Set own game mode to Creative Mode]
[SERVER OUTPUT] [21:07:36 INFO]: [PIRO_SHUB: Set own game mode to Survival Mode]
[SERVER OUTPUT] [21:07:58 INFO]: [PIRO_SHUB: Set own game mode to Creative Mode]
[SERVER OUTPUT] [21:17:48 INFO]: [PIRO_SHUB: Set own game mode to Survival Mode]
[SERVER OUTPUT] [21:18:38 INFO]: [PIRO_SHUB: Set own game mode to Creative Mode]
[SERVER OUTPUT] [21:18:50 INFO]: PIRO_SHUB lost connection: Disconnected
[SERVER OUTPUT] [21:18:50 INFO]: PIRO_SHUB left the game
[dotenv@17.2.3] injecting env (9) from .env -- tip: 🔄 add secrets lifecycle management: https://dotenvx.com/ops
✅ Logged in as Minecraft Server Bot#5275
📁 Minecraft Dir: C:\MinecraftServer
📦 Server JAR: server.jar
☕ Java Path: java
🌐 RCON: 127.0.0.1:25575
(node:12952) DeprecationWarning: The ready event has been renamed to clientReady to distinguish it from the gateway READY event and will only emit under that name in v15. Please use clientReady instead.
(Use `node --trace-deprecation ...` to show where the warning was created)
[BOT] Starting Minecraft server...
[BOT] JAR Path: C:\MinecraftServer\server.jar
[BOT] Working Dir: C:\MinecraftServer
[BOT] Java: java
[SERVER OUTPUT] Starting org.bukkit.craftbukkit.Main
[SERVER ERROR] 2026-06-01T16:16:09.381881200Z ServerMain WARN Advanced terminal features are not available in this environment
[SERVER OUTPUT] [21:46:09 INFO]: [bootstrap] Running Java 21 (OpenJDK 64-Bit Server VM 21.0.11+10-LTS; Eclipse Adoptium Temurin-21.0.11+10) on Windows 11 10.0 (amd64)
[SERVER OUTPUT] [21:46:09 INFO]: [bootstrap] Loading Paper 1.21.11-98-main@8a6654c (2026-01-19T10:57:44Z) for Minecraft 1.21.11
[SERVER OUTPUT] [21:46:10 INFO]: [PluginInitializerManager] Initializing plugins...
[SERVER OUTPUT] [21:46:11 INFO]: [PluginInitializerManager] Initialized 7 plugins
[21:46:11 INFO]: [PluginInitializerManager] Bukkit plugins (7):
 - Geyser-Spigot (2.9.2-SNAPSHOT), Multiverse-Core (5.5.2), Multiverse-Portals (5.2.0), ViaBackwards (5.7.1), ViaRewind (4.0.14), ViaVersion (5.7.1), floodgate (2.2.5-SNAPSHOT (b126-096c605))
[SERVER OUTPUT] [21:46:19 INFO]: Environment: Environment[sessionHost=https://sessionserver.mojang.com, servicesHost=https://api.minecraftservices.com, profilesHost=https://api.mojang.com, name=PROD]
[SERVER OUTPUT] [21:46:23 INFO]: Loaded 1476 recipes
[SERVER OUTPUT] [21:46:23 INFO]: Loaded 1585 advancements
[SERVER OUTPUT] [21:46:23 INFO]: [ca.spottedleaf.dataconverter.minecraft.datatypes.MCTypeRegistry] Initialising converters for DataConverter...
[SERVER OUTPUT] [21:46:23 INFO]: [ca.spottedleaf.dataconverter.minecraft.datatypes.MCTypeRegistry] Finished initialising converters for DataConverter in 564.0ms
[SERVER OUTPUT] [21:46:24 INFO]: Starting minecraft server version 1.21.11
[SERVER OUTPUT] [21:46:24 INFO]: Loading properties
[SERVER OUTPUT] [21:46:24 INFO]: This server is running Paper version 1.21.11-98-main@8a6654c (2026-01-19T10:57:44Z) (Implementing API version 1.21.11-R0.1-SNAPSHOT)
[SERVER OUTPUT] [21:46:24 INFO]: [spark] This server bundles the spark profiler. For more information please visit https://docs.papermc.io/paper/profiling
[SERVER OUTPUT] [21:46:24 INFO]: Server Ping Player Sample Count: 12
[SERVER OUTPUT] [21:46:24 INFO]: Using 4 threads for Netty based IO
[SERVER OUTPUT] [21:46:25 INFO]: [MoonriseCommon] Paper is using 4 worker threads, 1 I/O threads
[SERVER OUTPUT] [21:46:25 INFO]: Default game type: SURVIVAL
[SERVER OUTPUT] [21:46:25 INFO]: Generating keypair
[SERVER OUTPUT] [21:46:26 INFO]: Starting Minecraft server on *:25565
[SERVER OUTPUT] [21:46:26 INFO]: Paper: Using Java compression from Velocity.
[SERVER OUTPUT] [21:46:26 INFO]: Paper: Using Java cipher from Velocity.
[SERVER OUTPUT] [21:46:27 INFO]: [ViaVersion] Loading server plugin ViaVersion v5.7.1
[SERVER OUTPUT] [21:46:27 INFO]: [ViaVersion] ViaVersion 5.7.1 is now loaded. Registering protocol transformers and injecting...
[SERVER OUTPUT] [21:46:27 INFO]: [ViaVersion] Loading block connection mappings ...
[SERVER OUTPUT] [21:46:28 INFO]: [ViaVersion] Using FastUtil Long2ObjectOpenHashMap for block connections
[SERVER OUTPUT] [21:46:28 INFO]: [ViaBackwards] Loading translations...
[SERVER OUTPUT] [21:46:28 INFO]: [ViaBackwards] Registering protocols...
[SERVER OUTPUT] [21:46:29 INFO]: [ViaRewind] Registering protocols...
[SERVER OUTPUT] [21:46:29 INFO]: [ViaBackwards] Loading server plugin ViaBackwards v5.7.1
[SERVER OUTPUT] [21:46:29 INFO]: [CoreLogging] Loading server plugin Multiverse-Core v5.5.2
[SERVER OUTPUT] [21:46:29 INFO]: [floodgate] Loading server plugin floodgate v2.2.5-SNAPSHOT (b126-096c605)
[SERVER OUTPUT] [21:46:30 WARN]: [floodgate] en_IN is not a supported Floodgate language.
[SERVER OUTPUT] [21:46:30 INFO]: [floodgate] Took 858ms to boot Floodgate
[SERVER OUTPUT] [21:46:30 INFO]: [ViaRewind] Loading server plugin ViaRewind v4.0.14
[SERVER OUTPUT] [21:46:30 INFO]: [Multiverse-Portals] Loading server plugin Multiverse-Portals v5.2.0
[SERVER OUTPUT] [21:46:30 INFO]: [Geyser-Spigot] Loading server plugin Geyser-Spigot v2.9.2-SNAPSHOT
[SERVER OUTPUT] [21:46:31 INFO]: [Geyser-Spigot] Loading extensions...
[SERVER OUTPUT] [21:46:31 INFO]: [Geyser-Spigot] Loaded 0 extension(s)
[SERVER OUTPUT] [21:46:31 INFO]: Server permissions file permissions.yml is empty, ignoring it
[SERVER OUTPUT] [21:46:31 INFO]: [ViaRewind] Enabling ViaRewind v4.0.14
[SERVER OUTPUT] [21:46:31 WARN]: **** SERVER IS RUNNING IN OFFLINE/INSECURE MODE!
[SERVER OUTPUT] [21:46:31 WARN]: The server will make no attempt to authenticate usernames. Beware.
[SERVER OUTPUT] [21:46:31 WARN]: While this makes the game possible to play without internet access, it also opens up the ability for hackers to connect with any username they choose.
[SERVER OUTPUT] [21:46:31 WARN]: To change this, set "online-mode" to "true" in the server.properties file.
[SERVER OUTPUT] [21:46:31 INFO]: Preparing level "SHADOW SMP"
[SERVER OUTPUT] [21:46:32 INFO]: Loading 0 persistent chunks for world 'minecraft:overworld'...
[SERVER OUTPUT] [21:46:32 INFO]: Preparing spawn area: 100%
[SERVER OUTPUT] [21:46:32 INFO]: Prepared spawn area in 2 ms
[SERVER OUTPUT] [21:46:32 INFO]: Loading 0 persistent chunks for world 'minecraft:the_nether'...
[SERVER OUTPUT] [21:46:32 INFO]: Prepared spawn area in 1 ms
[SERVER OUTPUT] [21:46:32 INFO]: Loading 0 persistent chunks for world 'minecraft:the_end'...
[SERVER OUTPUT] [21:46:32 INFO]: Prepared spawn area in 2 ms
[SERVER OUTPUT] [21:46:32 INFO]: Done preparing level "SHADOW SMP" (0.973s)
[SERVER OUTPUT] [21:46:32 INFO]: [ViaVersion] Enabling ViaVersion v5.7.1
[SERVER OUTPUT] [21:46:32 INFO]: [ViaVersion] ViaVersion detected server version: 1.21.11 (774)
[SERVER OUTPUT] [21:46:32 INFO]: [ViaBackwards] Enabling ViaBackwards v5.7.1
[SERVER OUTPUT] [21:46:32 INFO]: [Multiverse-Core] Enabling Multiverse-Core v5.5.2
[SERVER OUTPUT] [21:46:33 INFO]: Loading 0 persistent chunks for world 'minecraft:lobby'...
[SERVER OUTPUT] [21:46:33 INFO]: Prepared spawn area in 1 ms
[SERVER OUTPUT] [21:46:33 INFO]: Loading 0 persistent chunks for world 'minecraft:pvp'...
[SERVER OUTPUT] [21:46:33 INFO]: Prepared spawn area in 1 ms
[SERVER OUTPUT] [21:46:33 INFO]: [Multiverse-Core] API service loaded!
[SERVER OUTPUT] [21:46:33 INFO]: [Multiverse-Core] [32mVersion 5.5.2 (API v5.5) Enabled - By dumptruckman, Rigby, fernferret, lithium3141, main--, benwoo1110 and Zax71[39m
[SERVER OUTPUT] [21:46:33 INFO]: [Multiverse-Core] [32mLoving Multiverse-Core? Please consider supporting the project with a small donation: https://github.com/sponsors/Multiverse[39m
[SERVER OUTPUT] [21:46:33 INFO]: [floodgate] Enabling floodgate v2.2.5-SNAPSHOT (b126-096c605)
[SERVER OUTPUT] [21:46:34 INFO]: [Multiverse-Portals] Enabling Multiverse-Portals v5.2.0
[SERVER OUTPUT] [21:46:34 INFO]: [Multiverse-Portals] 1 - Portals(s) loaded
[SERVER OUTPUT] [21:46:34 INFO]: [Multiverse-Portals] Version 5.2.0 (API v5.2) Enabled - By Rigby, fernferret and benwoo1110
[SERVER OUTPUT] [21:46:34 INFO]: [Geyser-Spigot] Enabling Geyser-Spigot v2.9.2-SNAPSHOT
[SERVER OUTPUT] [21:46:36 INFO]: [spark] Starting background profiler...
[SERVER OUTPUT] [21:46:36 INFO]: [spark] The async-profiler engine is not supported for your os/arch (windows11/amd64), so the built-in Java engine will be used instead.
[SERVER OUTPUT] [21:46:37 INFO]: [Geyser-Spigot] ******************************************
[SERVER OUTPUT] [21:46:37 INFO]: [Geyser-Spigot] 
[21:46:37 INFO]: [Geyser-Spigot] Loading Geyser version 2.9.2-b1036 (git-master-4c9ca8a)
[SERVER OUTPUT] [21:46:37 INFO]: [Geyser-Spigot]
[SERVER OUTPUT] [21:46:37 INFO]: [Geyser-Spigot] ******************************************
[SERVER OUTPUT] [21:46:40 INFO]: [Geyser-Spigot] Started Geyser on UDP port 19132
[SERVER OUTPUT] [21:46:41 INFO]: [Geyser-Spigot] Done (3.729s)! Run /geyser help for help!
[SERVER OUTPUT] [21:46:41 INFO]: Starting remote control listener
[SERVER OUTPUT] [21:46:41 INFO]: Thread RCON Listener started
[SERVER OUTPUT] [21:46:41 INFO]: RCON running on 0.0.0.0:25575
[SERVER OUTPUT] [21:46:41 INFO]: Running delayed init tasks
[SERVER OUTPUT] [21:46:41 INFO]: Done (32.641s)! For help, type "help"
[SERVER OUTPUT] [21:46:41 INFO]: [ViaVersion] Finished mapping loading, shutting down loader executor.
[SERVER OUTPUT] [21:46:41 INFO]: [Geyser-Spigot] There's a new Geyser update available to support Bedrock version 26.23. Download it here: https://geysermc.org/download
[SERVER OUTPUT] [21:46:41 WARN]: [ViaVersion] There is a newer plugin version available: 5.9.1, you're on: 5.7.1
[SERVER OUTPUT] [21:46:41 WARN]: *** You are running an outdated version of Minecraft, which is 2 release(s) and 34 build(s) behind!
[SERVER OUTPUT] [21:46:41 WARN]: *** Please update to the latest stable version on https://papermc.io/downloads/paper ***
[SERVER OUTPUT] [21:46:48 INFO]: Thread RCON Client /127.0.0.1 started
[BOT] Stopping server via RCON...
[SERVER OUTPUT] [21:46:48 INFO]: [Rcon: Stopping the server]
[SERVER OUTPUT] [21:46:48 INFO]: Stopping server
[SERVER OUTPUT] [21:46:48 INFO]: [Geyser-Spigot] Disabling Geyser-Spigot v2.9.2-SNAPSHOT
[SERVER OUTPUT] [21:46:48 INFO]: [Geyser-Spigot] Shutting down Geyser.
[SERVER OUTPUT] [21:46:48 INFO]: [Geyser-Spigot] Geyser shutdown successfully.
[SERVER OUTPUT] [21:46:48 INFO]: [Multiverse-Portals] Disabling Multiverse-Portals v5.2.0
[SERVER OUTPUT] [21:46:48 INFO]: [Multiverse-Portals] - Disabled
[21:46:48 INFO]: [ViaRewind] Disabling ViaRewind v4.0.14
[SERVER OUTPUT] [21:46:48 INFO]: [floodgate] Disabling floodgate v2.2.5-SNAPSHOT (b126-096c605)
[SERVER OUTPUT] [21:46:48 INFO]: [Multiverse-Core] Disabling Multiverse-Core v5.5.2
[SERVER OUTPUT] [21:46:48 INFO]: [Multiverse-Core] - Disabled
[SERVER OUTPUT] [21:46:48 INFO]: [ViaBackwards] Disabling ViaBackwards v5.7.1
[SERVER OUTPUT] [21:46:48 INFO]: [ViaVersion] Disabling ViaVersion v5.7.1
[SERVER OUTPUT] [21:46:48 INFO]: [ViaVersion] ViaVersion has been disabled; uninjected the platform and shut down the scheduler.
[SERVER OUTPUT] [21:46:48 INFO]: Saving players
[SERVER OUTPUT] [21:46:48 INFO]: Saving worlds
[SERVER OUTPUT] [21:46:48 INFO]: Saving chunks for level 'ServerLevel[SHADOW SMP]'/minecraft:overworld
[SERVER OUTPUT] [21:46:48 INFO]: [ChunkHolderManager] Waiting 60s for chunk system to halt for world 'SHADOW SMP'
[SERVER OUTPUT] [21:46:48 INFO]: [ChunkHolderManager] Halted chunk system for world 'SHADOW SMP'
[21:46:48 INFO]: [ChunkHolderManager] Saving all chunkholders for world 'SHADOW SMP'
[SERVER OUTPUT] [21:46:48 INFO]: [ChunkHolderManager] Saved 0 block chunks, 0 entity chunks, 0 poi chunks in world 'SHADOW SMP' in 0.00s
[SERVER OUTPUT] [21:46:48 INFO]: [ChunkHolderManager] Waiting 60s for chunk I/O to halt for world 'SHADOW SMP'
[21:46:48 INFO]: [ChunkHolderManager] Halted I/O scheduler for world 'SHADOW SMP'
[SERVER OUTPUT] [21:46:49 INFO]: [Geyser-Spigot] The skin uploader has been closed
[SERVER OUTPUT] [21:46:49 INFO]: Saving chunks for level 'ServerLevel[SHADOW SMP_nether]'/minecraft:the_nether
[SERVER OUTPUT] [21:46:49 INFO]: [ChunkHolderManager] Waiting 60s for chunk system to halt for world 'SHADOW SMP_nether'
[SERVER OUTPUT] [21:46:49 INFO]: [ChunkHolderManager] Halted chunk system for world 'SHADOW SMP_nether'
[SERVER OUTPUT] [21:46:49 INFO]: [ChunkHolderManager] Saving all chunkholders for world 'SHADOW SMP_nether'
[SERVER OUTPUT] [21:46:49 INFO]: [ChunkHolderManager] Saved 0 block chunks, 0 entity chunks, 0 poi chunks in world 'SHADOW SMP_nether' in 0.00s
[SERVER OUTPUT] [21:46:49 INFO]: [ChunkHolderManager] Waiting 60s for chunk I/O to halt for world 'SHADOW SMP_nether'
[SERVER OUTPUT] [21:46:49 INFO]: [ChunkHolderManager] Halted I/O scheduler for world 'SHADOW SMP_nether'
[SERVER OUTPUT] [21:46:49 INFO]: Saving chunks for level 'ServerLevel[SHADOW SMP_the_end]'/minecraft:the_end
[SERVER OUTPUT] [21:46:49 INFO]: [ChunkHolderManager] Waiting 60s for chunk system to halt for world 'SHADOW SMP_the_end'
[SERVER OUTPUT] [21:46:49 INFO]: [ChunkHolderManager] Halted chunk system for world 'SHADOW SMP_the_end'
[SERVER OUTPUT] [21:46:49 INFO]: [ChunkHolderManager] Saving all chunkholders for world 'SHADOW SMP_the_end'
[SERVER OUTPUT] [21:46:49 INFO]: [ChunkHolderManager] Saved 0 block chunks, 0 entity chunks, 0 poi chunks in world 'SHADOW SMP_the_end' in 0.00s
[SERVER OUTPUT] [21:46:49 INFO]: [ChunkHolderManager] Waiting 60s for chunk I/O to halt for world 'SHADOW SMP_the_end'
[SERVER OUTPUT] [21:46:49 INFO]: [ChunkHolderManager] Halted I/O scheduler for world 'SHADOW SMP_the_end'
[SERVER OUTPUT] [21:46:49 INFO]: Saving chunks for level 'ServerLevel[lobby]'/minecraft:lobby
[SERVER OUTPUT] [21:46:49 INFO]: [ChunkHolderManager] Waiting 60s for chunk system to halt for world 'lobby'
[SERVER OUTPUT] [21:46:49 INFO]: [ChunkHolderManager] Halted chunk system for world 'lobby'
[SERVER OUTPUT] [21:46:49 INFO]: [ChunkHolderManager] Saving all chunkholders for world 'lobby'
[21:46:49 INFO]: [ChunkHolderManager] Saved 0 block chunks, 0 entity chunks, 0 poi chunks in world 'lobby' in 0.00s
[SERVER OUTPUT] [21:46:49 INFO]: [ChunkHolderManager] Waiting 60s for chunk I/O to halt for world 'lobby'
[21:46:49 INFO]: [ChunkHolderManager] Halted I/O scheduler for world 'lobby'
[SERVER OUTPUT] [21:46:49 INFO]: Saving chunks for level 'ServerLevel[pvp]'/minecraft:pvp
[SERVER OUTPUT] [21:46:49 INFO]: [ChunkHolderManager] Waiting 60s for chunk system to halt for world 'pvp'
[SERVER OUTPUT] [21:46:49 INFO]: [ChunkHolderManager] Halted chunk system for world 'pvp'
[SERVER OUTPUT] [21:46:49 INFO]: [ChunkHolderManager] Saving all chunkholders for world 'pvp'
[SERVER OUTPUT] [21:46:49 INFO]: [ChunkHolderManager] Saved 0 block chunks, 0 entity chunks, 0 poi chunks in world 'pvp' in 0.00s
[SERVER OUTPUT] [21:46:49 INFO]: [ChunkHolderManager] Waiting 60s for chunk I/O to halt for world 'pvp'
[SERVER OUTPUT] [21:46:49 INFO]: [ChunkHolderManager] Halted I/O scheduler for world 'pvp'
[SERVER OUTPUT] [21:46:49 INFO]: ThreadedAnvilChunkStorage (SHADOW SMP): All chunks are saved
[SERVER OUTPUT] [21:46:49 INFO]: ThreadedAnvilChunkStorage (DIM-1): All chunks are saved
[21:46:49 INFO]: ThreadedAnvilChunkStorage (DIM1): All chunks are saved
[21:46:49 INFO]: ThreadedAnvilChunkStorage (lobby): All chunks are saved
[21:46:49 INFO]: ThreadedAnvilChunkStorage (pvp): All chunks are saved
[21:46:49 INFO]: ThreadedAnvilChunkStorage: All dimensions are saved
[SERVER OUTPUT] [21:46:49 INFO]: Waiting for all RegionFile I/O tasks to complete...
[SERVER OUTPUT] [21:46:49 INFO]: All RegionFile I/O tasks to complete
[SERVER OUTPUT] [21:46:49 INFO]: [MoonriseCommon] Awaiting termination of worker pool for up to 60s...
[SERVER OUTPUT] [21:46:49 INFO]: [MoonriseCommon] Awaiting termination of I/O pool for up to 60s...
[RCON] Connection error: read ECONNRESET
[RCON] Connection closed or dropped. Will reconnect automatically.
[SERVER CLOSED] Exit code: 0
[dotenv@17.2.3] injecting env (9) from .env -- tip: 🔄 add secrets lifecycle management: https://dotenvx.com/ops
✅ Logged in as Minecraft Server Bot#5275
📁 Minecraft Dir: C:\MinecraftServer
📦 Server JAR: server.jar
☕ Java Path: java
🌐 RCON: 127.0.0.1:25575
(node:15892) DeprecationWarning: The ready event has been renamed to clientReady to distinguish it from the gateway READY event and will only emit under that name in v15. Please use clientReady instead.
(Use `node --trace-deprecation ...` to show where the warning was created)
[RCON] Connection error: read ECONNRESET
[RCON] Connection closed or dropped. Will reconnect automatically.
[dotenv@17.2.3] injecting env (9) from .env -- tip: ⚙️  suppress all logs with { quiet: true }
✅ Logged in as Minecraft Server Bot#5275
📁 Minecraft Dir: C:\MinecraftServer
📦 Server JAR: server.jar
☕ Java Path: java
🌐 RCON: 127.0.0.1:25575
(node:21712) DeprecationWarning: The ready event has been renamed to clientReady to distinguish it from the gateway READY event and will only emit under that name in v15. Please use clientReady instead.
(Use `node --trace-deprecation ...` to show where the warning was created)
Executed command: /status
[RCON] Connection error: read ECONNRESET
[RCON] Connection closed or dropped. Will reconnect automatically.
[dotenv@17.2.3] injecting env (9) from .env -- tip: 🔐 prevent committing .env to code: https://dotenvx.com/precommit
✅ Logged in as Minecraft Server Bot#5275
📁 Minecraft Dir: C:\MinecraftServer
📦 Server JAR: server.jar
☕ Java Path: java
🌐 RCON: 127.0.0.1:25575
(node:6476) DeprecationWarning: The ready event has been renamed to clientReady to distinguish it from the gateway READY event and will only emit under that name in v15. Please use clientReady instead.
(Use `node --trace-deprecation ...` to show where the warning was created)
Executed command: /status
Executed command: /startserver
Executed command: /stopserver
[BOT] Stopping server via RCON...
[RCON] Connection error: read ECONNRESET
[RCON] Connection closed or dropped. Will reconnect automatically.
[dotenv@17.2.3] injecting env (9) from .env -- tip: 👥 sync secrets across teammates & machines: https://dotenvx.com/ops
✅ Logged in as Minecraft Server Bot#5275
📁 Minecraft Dir: C:\MinecraftServer
📦 Server JAR: server.jar
☕ Java Path: java
🌐 RCON: 127.0.0.1:25575
(node:32864) DeprecationWarning: The ready event has been renamed to clientReady to distinguish it from the gateway READY event and will only emit under that name in v15. Please use clientReady instead.
(Use `node --trace-deprecation ...` to show where the warning was created)
Executed command: /status
Executed command: /startserver
[BOT] Starting Minecraft server...
[BOT] JAR Path: C:\MinecraftServer\server.jar
[BOT] Working Dir: C:\MinecraftServer
[BOT] Java: java
[SERVER OUTPUT] Starting org.bukkit.craftbukkit.Main
[SERVER ERROR] 2026-06-08T15:46:06.652471500Z ServerMain WARN Advanced terminal features are not available in this environment
[SERVER ERROR] 2026-06-08T15:46:06.741367800Z ServerMain ERROR Unable to delete file C:\MinecraftServer\logs\latest.log: java.nio.file.FileSystemException C:\MinecraftServer\logs\latest.log: The process cannot access the file because it is being used by another process
[SERVER OUTPUT] [21:16:07 INFO]: [bootstrap] Running Java 21 (OpenJDK 64-Bit Server VM 21.0.11+10-LTS; Eclipse Adoptium Temurin-21.0.11+10) on Windows 11 10.0 (amd64)
[SERVER OUTPUT] [21:16:07 INFO]: [bootstrap] Loading Paper 1.21.11-98-main@8a6654c (2026-01-19T10:57:44Z) for Minecraft 1.21.11
[SERVER OUTPUT] [21:16:08 INFO]: [PluginInitializerManager] Initializing plugins...
[SERVER OUTPUT] [21:16:09 INFO]: [PluginInitializerManager] Initialized 7 plugins
[SERVER OUTPUT] [21:16:09 INFO]: [PluginInitializerManager] Bukkit plugins (7):
 - Geyser-Spigot (2.10.0-SNAPSHOT), Multiverse-Core (5.5.2), Multiverse-Portals (5.2.0), ViaBackwards (5.9.1), ViaRewind (4.1.1), ViaVersion (5.9.1), floodgate (2.2.5-SNAPSHOT (b132-5a72b6a))
[SERVER OUTPUT] [21:16:17 INFO]: Environment: Environment[sessionHost=https://sessionserver.mojang.com, servicesHost=https://api.minecraftservices.com, profilesHost=https://api.mojang.com, name=PROD]
[SERVER OUTPUT] [21:16:17 ERROR]: Failed to start the minecraft server
java.io.IOException: The process cannot access the file because another process has locked a portion of the file
	at java.base/sun.nio.ch.FileDispatcherImpl.write0(Native Method) ~[?:?]
	at java.base/sun.nio.ch.FileDispatcherImpl.write(FileDispatcherImpl.java:75) ~[?:?]
	at java.base/sun.nio.ch.IOUtil.writeFromNativeBuffer(IOUtil.java:137) ~[?:?]
	at java.base/sun.nio.ch.IOUtil.write(IOUtil.java:81) ~[?:?]
	at java.base/sun.nio.ch.IOUtil.write(IOUtil.java:72) ~[?:?]
	at java.base/sun.nio.ch.FileChannelImpl.write(FileChannelImpl.java:300) ~[?:?]
	at net.minecraft.util.DirectoryLock.create(DirectoryLock.java:25) ~[paper-1.21.11.jar:1.21.11-98-8a6654c]
	at net.minecraft.world.level.storage.LevelStorageSource$LevelStorageAccess.<init>(LevelStorageSource.java:431) ~[paper-1.21.11.jar:1.21.11-98-8a6654c]
	at net.minecraft.world.level.storage.LevelStorageSource.validateAndCreateAccess(LevelStorageSource.java:346) ~[paper-1.21.11.jar:1.21.11-98-8a6654c]
	at net.minecraft.server.Main.main(Main.java:181) ~[paper-1.21.11.jar:1.21.11-98-8a6654c]
	at io.papermc.paper.PaperBootstrap.boot(PaperBootstrap.java:21) ~[paper-1.21.11.jar:1.21.11-98-8a6654c]
	at org.bukkit.craftbukkit.Main.main(Main.java:234) ~[paper-1.21.11.jar:1.21.11-98-8a6654c]
	at io.papermc.paperclip.Paperclip.lambda$main$0(Paperclip.java:42) ~[?:?]
	at java.base/java.lang.Thread.run(Thread.java:1583) ~[?:?]
[SERVER CLOSED] Exit code: 0
